Component: ARM Compiler 5.06 update 5 (build 528) Tool: armlink [4d35e2]

==============================================================================

Section Cross References

    lab8.o(MyCode) refers to start.o(Start) for Startup
    lab8.o(MyCode) refers to lab8.o(MyConst) for firstPrompt
    lab8.o(MyCode) refers to lab8.o(MyData) for MultiHex
    lab8.o(RESET) refers to start.o(.ARM.__at_0x1FFFE000) for __initial_sp
    lab8.o(RESET) refers to lab8.o(MyCode) for Reset_Handler
    lab8.o(RESET) refers to start.o(Start) for Dummy_Handler
    lab8.o(RESET) refers to hardfault_lcd.o(HardFaultLCD) for HardFault_Handler


==============================================================================

Image Symbol Table

    Local Symbols

    Symbol Name                              Value     Ov Type        Size  Object(Section)

    RESET                                    0x00000000   Section      192  lab8.o(RESET)
    HardFault_LCD.s                          0x00000000   Number         0  hardfault_lcd.o ABSOLUTE
    Lab8.s                                   0x00000000   Number         0  lab8.o ABSOLUTE
    Start.s                                  0x00000000   Number         0  start.o ABSOLUTE
    .ARM.__at_0xC0                           0x000000c0   Section       64  start.o(.ARM.__at_0xC0)
    HardFaultLCD                             0x00000100   Section      408  hardfault_lcd.o(HardFaultLCD)
    LCD_WF_Config                            0x0000018c   Data           0  hardfault_lcd.o(HardFaultLCD)
    LCD_WF_FRONTPLANE_PINS                   0x00000208   Data           0  hardfault_lcd.o(HardFaultLCD)
    LCD_DIGITS                               0x00000228   Data           0  hardfault_lcd.o(HardFaultLCD)
    Start                                    0x00000298   Section      252  start.o(Start)
    SystemInit                               0x000002a7   Thumb Code    54  start.o(Start)
    SetClock48MHz                            0x000002dd   Thumb Code   140  start.o(Start)
    .ARM.__at_0x400                          0x00000400   Section       16  start.o(.ARM.__at_0x400)
    MyCode                                   0x00000410   Section      884  lab8.o(MyCode)
    Init_UART0_Polling                       0x00000495   Thumb Code   108  lab8.o(MyCode)
    GetChar                                  0x00000513   Thumb Code    18  lab8.o(MyCode)
    DIVU                                     0x00000525   Thumb Code    44  lab8.o(MyCode)
    GetString                                0x00000551   Thumb Code    60  lab8.o(MyCode)
    PutString                                0x0000058d   Thumb Code    22  lab8.o(MyCode)
    PutNumU                                  0x000005a3   Thumb Code    50  lab8.o(MyCode)
    PutNumHex                                0x000005d5   Thumb Code    44  lab8.o(MyCode)
    NewLine                                  0x0000060f   Thumb Code    18  lab8.o(MyCode)
    AddIntMultiU                             0x00000621   Thumb Code    64  lab8.o(MyCode)
    GetHexIntMulti                           0x00000661   Thumb Code   124  lab8.o(MyCode)
    PutHexIntMulti                           0x000006dd   Thumb Code    50  lab8.o(MyCode)
    MyConst                                  0x00000784   Section      160  lab8.o(MyConst)
    firstPrompt                              0x00000784   Data          37  lab8.o(MyConst)
    secPrompt                                0x000007a9   Data          37  lab8.o(MyConst)
    Sum                                      0x000007ce   Data          37  lab8.o(MyConst)
    Invalid                                  0x000007f3   Data          37  lab8.o(MyConst)
    Overflow                                 0x00000818   Data           9  lab8.o(MyConst)
    .ARM.__at_0x1FFFE000                     0x1fffe000   Section      256  start.o(.ARM.__at_0x1FFFE000)
    MyData                                   0x1fffe100   Section      188  lab8.o(MyData)
    Temp                                     0x1fffe100   Data           4  lab8.o(MyData)
    MultiHex                                 0x1fffe104   Data          80  lab8.o(MyData)
    MultiHex2                                0x1fffe154   Data          80  lab8.o(MyData)
    SUM                                      0x1fffe1a4   Data          24  lab8.o(MyData)

    Global Symbols

    Symbol Name                              Value     Ov Type        Size  Object(Section)

    BuildAttributes$$THM_ISAv3M$S$PE$A:L22$X:L11$S22$IEEE1$IW$USESV6$~STKCKD$USESV7$~SHL$OSPACE$EBA8$STANDARDLIB$EABIv2 0x00000000   Number         0  anon$$obj.o ABSOLUTE
    __Vectors                                0x00000000   Data           0  lab8.o(RESET)
    __Vectors_End                            0x000000c0   Data           0  lab8.o(RESET)
    __Vectors_Size                           0x000000c0   Number         0  lab8.o ABSOLUTE
    HardFault_Handler                        0x00000101   Thumb Code    16  hardfault_lcd.o(HardFaultLCD)
    InitLCD                                  0x00000111   Thumb Code   124  hardfault_lcd.o(HardFaultLCD)
    LCD_PutHex                               0x000001cd   Thumb Code    44  hardfault_lcd.o(HardFaultLCD)
    Startup                                  0x00000299   Thumb Code    14  start.o(Start)
    Dummy_Handler                            0x00000369   Thumb Code     2  start.o(Start)
    Reset_Handler                            0x00000411   Thumb Code   132  lab8.o(MyCode)
    PutChar                                  0x00000501   Thumb Code    18  lab8.o(MyCode)
    __initial_sp                             0x1fffe100   Data           0  start.o(.ARM.__at_0x1FFFE000)



==============================================================================

Memory Map of the image

  Image Entry point : 0x00000411

  Load Region LR_1 (Base: 0x00000000, Size: 0x000009e0, Max: 0xffffffff, ABSOLUTE)

    Execution Region ER_RO (Exec base: 0x00000000, Load base: 0x00000000, Size: 0x00000824, Max: 0xffffffff, ABSOLUTE)

    Exec Addr    Load Addr    Size         Type   Attr      Idx    E Section Name        Object

    0x00000000   0x00000000   0x000000c0   Data   RO           17    RESET               lab8.o
    0x000000c0   0x000000c0   0x00000040   Data   RO            8    .ARM.__at_0xC0      start.o
    0x00000100   0x00000100   0x00000198   Code   RO            1    HardFaultLCD        hardfault_lcd.o
    0x00000298   0x00000298   0x000000fc   Code   RO            7    Start               start.o
    0x00000394   0x00000394   0x0000006c   PAD
    0x00000400   0x00000400   0x00000010   Code   RO            9    .ARM.__at_0x400     start.o
    0x00000410   0x00000410   0x00000374   Code   RO           16  * MyCode              lab8.o
    0x00000784   0x00000784   0x000000a0   Data   RO           18    MyConst             lab8.o


    Execution Region ER_RW (Exec base: 0x1fffe000, Load base: 0x00000824, Size: 0x000001bc, Max: 0xffffffff, ABSOLUTE)

    Exec Addr    Load Addr    Size         Type   Attr      Idx    E Section Name        Object

    0x1fffe000   0x00000824   0x00000100   Data   RW           10    .ARM.__at_0x1FFFE000  start.o
    0x1fffe100   0x00000924   0x000000bc   Data   RW           19    MyData              lab8.o


    Execution Region ER_ZI (Exec base: 0x1fffe1bc, Load base: 0x000009e0, Size: 0x00000000, Max: 0xffffffff, ABSOLUTE)

    **** No section assigned to this execution region ****


==============================================================================

Image component sizes


      Code (inc. data)   RO Data    RW Data    ZI Data      Debug   Object Name

       408        224          0          0          0        576   hardfault_lcd.o
       884        118        352        188          0       1328   lab8.o
       268         58         64        256          0        760   start.o

    ----------------------------------------------------------------------
      1668        508        416        444          0       2664   Object Totals
         0          0          0          0          0          0   (incl. Generated)
       108        108          0          0          0          0   (incl. Padding)

    ----------------------------------------------------------------------
         0          0          0          0          0          0   Library Totals
         0          0          0          0          0          0   (incl. Padding)

    ----------------------------------------------------------------------

==============================================================================


      Code (inc. data)   RO Data    RW Data    ZI Data      Debug   

      1668        508        416        444          0       2456   Grand Totals
      1668        508        416        444          0       2456   ELF Image Totals
      1668        508        416        444          0          0   ROM Totals

==============================================================================

    Total RO  Size (Code + RO Data)                 2084 (   2.04kB)
    Total RW  Size (RW Data + ZI Data)               444 (   0.43kB)
    Total ROM Size (Code + RO Data + RW Data)       2528 (   2.47kB)

==============================================================================

